MAP
    NAME    oregon_map
    STATUS  ON
    SIZE    800 600

    WEB
#        IMAGEPATH   '/net/rheingold/home/wcooley/public_html/webgis/tmp'
#        IMAGEURL    'http://haus.nakedape.cc/~wcooley/webgis/tmp'
#        LOG         '/net/rheingold/home/wcooley/public_html/webgis/mapserver.log'
        IMAGEPATH   '/home/wcooley/public_html/tmp'
        IMAGEURL    'http://scatha.oit.pdx.edu/~wcooley/tmp'
        LOG         '/home/wcooley/mapserver.log'
        METADATA
            "wms_title" "My Oregon WMS Service"
            "wms_srs" "EPSG:4326"
            "wms_onlineresource" 
            "http://scatha.oit.pdx.edu/cgi-bin/mapserv?map=/home/wcooley/public_html/webgis/oregon.map?"
#            "http://haus.nakedape.cc/cgi-bin/mapserv?map=/home/wcooley/public_html/webgis/oregon.map?"
        END # METADATA
    END #web

    EXTENT      -124.559617 39.909590 -116.470419 48.314173
    UNITS       dd
    IMAGECOLOR  166 206 227
    SHAPEPATH   '/home/wcooley/gis_data'
#    SHAPEPATH   '/net/rheingold/home/wcooley/public_html/webgis/gis_data'
    CONFIG      "PROJ_LIB" "/home/wcooley/proj"
    FONTSET     "/home/wcooley/public_html/webgis/fonts.txt"
    TRANSPARENT ON

    OUTPUTFORMAT
        NAME png24
        DRIVER "GD/PNG"
        MIMETYPE "image/png"
        IMAGEMODE RGBA
        EXTENSION "png"
        TRANSPARENT ON
    END # OUTPUTFORMAT

    PROJECTION
        "init=epsg:4326"
    END # projection

    LAYER
        NAME    hillshade
        TYPE    raster
        STATUS  ON
        DATA    "OR_Hillshade.tif"
        EXTENT  -125.3955930  41.4074868 -115.6037075 46.5853105

        CLASS
            NAME "Oregon Hillshade"
            COLOR 178 223 138
            OUTLINECOLOR 182 131 78
        END # CLASS

        METADATA
            "wms_title" "hillshade"
        END # METADATA


        PROJECTION
            "init=epsg:4326"
        END # projection

    END # layer

    LAYER
        NAME    oregon
        TYPE    POLYGON
        STATUS  ON
        DATA    "Oregon"
        LABELCACHE on


        CLASS
            NAME "Oregon"
            COLOR 178 223 138
            OUTLINECOLOR 182 131 78
        END #class

        PROJECTION
            "init=epsg:4326"
        END # projection

        METADATA
            "wms_title" "oregon"
        END # METADATA

    END # layer

    LAYER
        NAME    counties
        TYPE    POLYGON
        STATUS  ON
        DATA    "Counties"
        DEBUG on

        CLASSITEM "Name"
        CLASS
            NAME "County"
            EXPRESSION "Multnomah"
            COLOR 31 120 180
            OUTLINECOLOR 0 0 0
        END #class

        CLASS
            NAME    "County"
            EXPRESSION  ( '[NAME]' ne "Multnomah" )
            COLOR 150 187 212
            OUTLINECOLOR 0 0 0
        END #class

        PROJECTION
            "init=epsg:4326"
        END # projection

        METADATA
            "wms_title" "counties"
        END # METADATA

    END #layer


    LAYER
        NAME "counties_ann"
        STATUS  ON
        TYPE    annotation
        DATA    "Counties"
        LABELCACHE on
        LABELITEM   'NAME'
        LABELMAXSCALE 2000000
        DEBUG off

        CLASS
            NAME "Counties"
            COLOR 31 120 180
            OUTLINECOLOR 0 0 0

            LABEL
                FONT    "dejavu-sans"
                TYPE    truetype
                COLOR   0 0 0
                OUTLINECOLOR 214 225 38
                SIZE    12
                POSITION   cc
                ANGLE       0
                ANTIALIAS   true
                MINDISTANCE 4000
                MINFEATURESIZE 10
                PARTIALS    false
            END # LABEL
        END #class

        PROJECTION
            "init=epsg:4326"
        END # projection

        METADATA
            "wms_title" "counties_ann"
        END # METADATA

    END # LAYER

END # Map File
